// Jest Snapshot v1, https://goo.gl/fbAQLP

exports[`should match snapshot 1`] = `
<DocumentFragment>
  <div
    class="checkbox-container"
  >
    <input
      data-testid="inputCheckBox"
      id="l5jv57zp4xxls9rf7vn"
      type="checkbox"
    />
    <label
      class="labelContent"
      data-testid="iconLabel"
      for="l5jv57zp4xxls9rf7vn"
    >
      <span
        class="checkbox checkbox-normal bg-iCheck-default"
        data-testid="iconSpan"
      >
        <svg
          data-testid="iconSVG"
          role="img"
          viewBox="0 0 512 512"
        >
          <path
            class="bg-iCheck-path-default"
            d="M173.898 439.404l-166.4-166.4c-9.997-9.997-9.997-26.206 0-36.204l36.203-36.204c9.997-9.998 26.207-9.998 36.204 0L192 312.69 432.095 72.596c9.997-9.997 26.207-9.997 36.204 0l36.203 36.204c9.997 9.997 9.997 26.206 0 36.204l-294.4 294.401c-9.998 9.997-26.207 9.997-36.204-.001z"
            data-testid="iconSVGPath"
          />
        </svg>
      </span>
    </label>
  </div>
</DocumentFragment>
`;
