// Jest Snapshot v1, https://goo.gl/fbAQLP

exports[`Rating should match snapshot 1`] = `
<DocumentFragment>
  <div>
    <button
      class="undefined star-btn "
      id="star-input"
      name="star-input"
      role="button"
      value="1"
    >
      <svg
        class="sm"
        fill="none"
        stroke="black"
        viewBox="0 0 24 24"
        width="2rem"
      >
        <path
          d="M11.049 2.927c.3-.921 1.603-.921 1.902 0l1.519 4.674a1 1 0 00.95.69h4.915c.969 0 1.371 1.24.588 1.81l-3.976 2.888a1 1 0 00-.363 1.118l1.518 4.674c.3.922-.755 1.688-1.538 1.118l-3.976-2.888a1 1 0 00-1.176 0l-3.976 2.888c-.783.57-1.838-.197-1.538-1.118l1.518-4.674a1 1 0 00-.363-1.118l-3.976-2.888c-.784-.57-.38-1.81.588-1.81h4.914a1 1 0 00.951-.69l1.519-4.674z"
        />
      </svg>
    </button>
    <button
      class="undefined star-btn "
      id="star-input"
      name="star-input"
      role="button"
      value="2"
    >
      <svg
        class="sm"
        fill="none"
        stroke="black"
        viewBox="0 0 24 24"
        width="2rem"
      >
        <path
          d="M11.049 2.927c.3-.921 1.603-.921 1.902 0l1.519 4.674a1 1 0 00.95.69h4.915c.969 0 1.371 1.24.588 1.81l-3.976 2.888a1 1 0 00-.363 1.118l1.518 4.674c.3.922-.755 1.688-1.538 1.118l-3.976-2.888a1 1 0 00-1.176 0l-3.976 2.888c-.783.57-1.838-.197-1.538-1.118l1.518-4.674a1 1 0 00-.363-1.118l-3.976-2.888c-.784-.57-.38-1.81.588-1.81h4.914a1 1 0 00.951-.69l1.519-4.674z"
        />
      </svg>
    </button>
    <button
      class="undefined star-btn "
      id="star-input"
      name="star-input"
      role="button"
      value="3"
    >
      <svg
        class="sm"
        fill="none"
        stroke="black"
        viewBox="0 0 24 24"
        width="2rem"
      >
        <path
          d="M11.049 2.927c.3-.921 1.603-.921 1.902 0l1.519 4.674a1 1 0 00.95.69h4.915c.969 0 1.371 1.24.588 1.81l-3.976 2.888a1 1 0 00-.363 1.118l1.518 4.674c.3.922-.755 1.688-1.538 1.118l-3.976-2.888a1 1 0 00-1.176 0l-3.976 2.888c-.783.57-1.838-.197-1.538-1.118l1.518-4.674a1 1 0 00-.363-1.118l-3.976-2.888c-.784-.57-.38-1.81.588-1.81h4.914a1 1 0 00.951-.69l1.519-4.674z"
        />
      </svg>
    </button>
    <button
      class="undefined star-btn "
      id="star-input"
      name="star-input"
      role="button"
      value="4"
    >
      <svg
        class="sm"
        fill="none"
        stroke="black"
        viewBox="0 0 24 24"
        width="2rem"
      >
        <path
          d="M11.049 2.927c.3-.921 1.603-.921 1.902 0l1.519 4.674a1 1 0 00.95.69h4.915c.969 0 1.371 1.24.588 1.81l-3.976 2.888a1 1 0 00-.363 1.118l1.518 4.674c.3.922-.755 1.688-1.538 1.118l-3.976-2.888a1 1 0 00-1.176 0l-3.976 2.888c-.783.57-1.838-.197-1.538-1.118l1.518-4.674a1 1 0 00-.363-1.118l-3.976-2.888c-.784-.57-.38-1.81.588-1.81h4.914a1 1 0 00.951-.69l1.519-4.674z"
        />
      </svg>
    </button>
    <button
      class="undefined star-btn "
      id="star-input"
      name="star-input"
      role="button"
      value="5"
    >
      <svg
        class="sm"
        fill="none"
        stroke="black"
        viewBox="0 0 24 24"
        width="2rem"
      >
        <path
          d="M11.049 2.927c.3-.921 1.603-.921 1.902 0l1.519 4.674a1 1 0 00.95.69h4.915c.969 0 1.371 1.24.588 1.81l-3.976 2.888a1 1 0 00-.363 1.118l1.518 4.674c.3.922-.755 1.688-1.538 1.118l-3.976-2.888a1 1 0 00-1.176 0l-3.976 2.888c-.783.57-1.838-.197-1.538-1.118l1.518-4.674a1 1 0 00-.363-1.118l-3.976-2.888c-.784-.57-.38-1.81.588-1.81h4.914a1 1 0 00.951-.69l1.519-4.674z"
        />
      </svg>
    </button>
    <label
      for="star-input"
    />
  </div>
</DocumentFragment>
`;
