// Jest Snapshot v1, https://goo.gl/fbAQLP

exports[`Skeleton should match snapshot 1`] = `
<div
  class=" skeleton text"
/>
`;
