// Jest Snapshot v1, https://goo.gl/fbAQLP

exports[`Dialog Component and sub-components should match snapshot 1`] = `<DocumentFragment />`;
