// Jest Snapshot v1, https://goo.gl/fbAQLP

exports[`Drawer should match snapshot 1`] = `
<DocumentFragment>
  <section>
    <div
      class=""
      data-testid="dimmed-background"
    />
    <aside
      class="drawer drawer__open_false"
      data-testid="drawer"
    />
  </section>
</DocumentFragment>
`;
