// Jest Snapshot v1, https://goo.gl/fbAQLP

exports[`Alert should match snapshot 1`] = `
<DocumentFragment>
  <div
    class="alert alert-default"
  >
     Snapshot Alert 
  </div>
</DocumentFragment>
`;
