// Jest Snapshot v1, https://goo.gl/fbAQLP

exports[`Carousel should match snapshot 1`] = `
<DocumentFragment>
  <div
    class="Carousel"
    style="width: 600px; height: 240px;"
  >
    <div
      class="Carousel__img-wrapper"
    >
      <div
        id="Carousel__img__center"
        style="display: block;"
      >
        <img
          src="//p1-arco.byteimg.com/tos-cn-i-uwbnlip3yd/cd7a1aaea8e1c5e3d26fe2591e561798.png~tplv-uwbnlip3yd-webp.webp"
          style="width: 100%;"
        />
      </div>
      <div
        id="Carousel__img__right"
        style="display: block;"
      >
        <img
          src="//p1-arco.byteimg.com/tos-cn-i-uwbnlip3yd/6480dbc69be1b5de95010289787d64f1.png~tplv-uwbnlip3yd-webp.webp"
          style="width: 100%;"
        />
      </div>
      <div
        id="Carousel__img__left"
        style="display: block;"
      >
        <img
          src="//p1-arco.byteimg.com/tos-cn-i-uwbnlip3yd/24e0dd27418d2291b65db1b21aa62254.png~tplv-uwbnlip3yd-webp.webp"
          style="width: 100%;"
        />
      </div>
    </div>
    <span
      class="Carousel__prev"
    >
      ❮
    </span>
    <span
      class="Carousel__next"
    >
      ❯
    </span>
    <div
      class="Carousel__center Carousel__dots"
    >
      <span
        class="Carousel__dot Carousel__dot-active"
        id="0"
      />
      <span
        class="Carousel__dot"
        id="1"
      />
      <span
        class="Carousel__dot"
        id="2"
      />
      <span
        class="Carousel__dot"
        id="3"
      />
    </div>
  </div>
</DocumentFragment>
`;
